---
source: crabbing-interpreters/tests/testsuite/craftinginterpreters.rs
info:
  program: crabbing-interpreters
  args:
    - crabbing-interpreters/tests/cases/error_in_rhs_of_binary_or.lox
    - "--scopes"
    - "--stop-at=scopes"
---
success: true
exit_code: 0
----- stdout -----
(program
   (expr (or nil (global-by-name undefined))))

----- stderr -----
