---
source: crabbing-interpreters/tests/testsuite/main.rs
info:
  program: crabbing-interpreters
  args:
    - craftinginterpreters/test/method/missing_arguments.lox
    - "--scopes"
    - "--stop-at=scopes"
---
success: true
exit_code: 0
----- stdout -----
(program
   (class Foo (global @3) ∅
      (method method [(local this @0) (local a @1) (local b @2)] []
         (block)))
   (expr (call +4 (attr (call +4 (global Foo @3)) method) 1.0)))

----- stderr -----
