---
source: crabbing-interpreters/tests/testsuite/main.rs
info:
  program: crabbing-interpreters
  args:
    - craftinginterpreters/test/while/closure_in_body.lox
    - "--scopes"
    - "--stop-at=scopes"
---
success: true
exit_code: 0
----- stdout -----
(program
   (var f1 (global @3) ∅)
   (var f2 (global @4) ∅)
   (var f3 (global @5) ∅)
   (var i (global @6) 1.0)
   (while
      (< (global i @6) 4.0)
      (block
         (var j (cell @0) (global i @6))
         (fun f (local @8) [] [Some(0)]
            (block
               (print (cell j @0))))
         (if
            (== (cell j @0) 1.0)
            (expr (= (global f1 @3) (local f @8)))
            (if
               (== (cell j @0) 2.0)
               (expr (= (global f2 @4) (local f @8)))
               (expr (= (global f3 @5) (local f @8)))))
         (expr (= (global i @6) (+ (global i @6) 1.0)))))
   (expr (call +7 (global f1 @3)))
   (expr (call +7 (global f2 @4)))
   (expr (call +7 (global f3 @5))))

----- stderr -----
