---
source: crabbing-interpreters/tests/testsuite/main.rs
info:
  program: crabbing-interpreters
  args:
    - craftinginterpreters/test/return/return_nil_if_no_value.lox
    - "--scopes"
    - "--stop-at=scopes"
---
success: true
exit_code: 0
----- stdout -----
(program
   (fun f (global @1) [] []
      (block
         (return ∅)
         (print "bad")))
   (print (call +2 (global f @1))))

----- stderr -----
