---
source: crabbing-interpreters/tests/testsuite/main.rs
info:
  program: crabbing-interpreters
  args:
    - craftinginterpreters/test/variable/shadow_local.lox
    - "--scopes"
    - "--stop-at=scopes"
---
success: true
exit_code: 0
----- stdout -----
(program
   (block
      (var a (local @3) "local")
      (block
         (var a (local @4) "shadow")
         (print (local a @4)))
      (print (local a @3))))

----- stderr -----
