---
source: crabbing-interpreters/tests/testsuite/craftinginterpreters.rs
info:
  program: crabbing-interpreters
  args:
    - craftinginterpreters/test/inheritance/inherit_from_number.lox
    - "--scopes"
    - "--stop-at=scopes"
---
success: true
exit_code: 0
----- stdout -----
(program
   (var Number (global @1) 123.0)
   (class Foo (global @2) (global Number @1)))

----- stderr -----
