---
source: crabbing-interpreters/tests/testsuite/main.rs
info:
  program: crabbing-interpreters
  args:
    - craftinginterpreters/test/while/syntax.lox
    - "--scopes"
    - "--stop-at=scopes"
---
success: true
exit_code: 0
----- stdout -----
(program
   (var c (global @3) 0.0)
   (while
      (< (global c @3) 3.0)
      (print (= (global c @3) (+ (global c @3) 1.0))))
   (var a (global @4) 0.0)
   (while
      (< (global a @4) 3.0)
      (block
         (print (global a @4))
         (expr (= (global a @4) (+ (global a @4) 1.0)))))
   (while
      false
      (if
         true
         (expr 1.0)
         (expr 2.0)))
   (while
      false
      (while
         true
         (expr 1.0)))
   (while
      false
      (for
         ∅
         ∅
         ∅
         (expr 1.0))))

----- stderr -----
