---
source: crabbing-interpreters/tests/testsuite/main.rs
info:
  program: crabbing-interpreters
  args:
    - craftinginterpreters/test/for/syntax.lox
    - "--scopes"
    - "--stop-at=scopes"
---
success: true
exit_code: 0
----- stdout -----
(program
   (for
      (var c (local @3) 0.0)
      (< (local c @3) 3.0)
      ∅
      (print (= (local c @3) (+ (local c @3) 1.0))))
   (for
      (var a (local @3) 0.0)
      (< (local a @3) 3.0)
      (= (local a @3) (+ (local a @3) 1.0))
      (block
         (print (local a @3))))
   (fun foo (global @3) [] []
      (block
         (for
            ∅
            ∅
            ∅
            (return "done"))))
   (print (call +4 (global foo @3)))
   (var i (global @4) 0.0)
   (for
      ∅
      (< (global i @4) 2.0)
      (= (global i @4) (+ (global i @4) 1.0))
      (print (global i @4)))
   (fun bar (global @5) [] []
      (block
         (for
            (var i (local @0) 0.0)
            ∅
            (= (local i @0) (+ (local i @0) 1.0))
            (block
               (print (local i @0))
               (if
                  (>= (local i @0) 2.0)
                  (return ∅)
                  ∅)))))
   (expr (call +6 (global bar @5)))
   (for
      (var i (local @6) 0.0)
      (< (local i @6) 2.0)
      ∅
      (block
         (print (local i @6))
         (expr (= (local i @6) (+ (local i @6) 1.0)))))
   (for
      ∅
      false
      ∅
      (if
         true
         (expr 1.0)
         (expr 2.0)))
   (for
      ∅
      false
      ∅
      (while
         true
         (expr 1.0)))
   (for
      ∅
      false
      ∅
      (for
         ∅
         ∅
         ∅
         (expr 1.0))))

----- stderr -----
