---
source: crabbing-interpreters/tests/testsuite/main.rs
info:
  program: crabbing-interpreters
  args:
    - craftinginterpreters/test/call/object.lox
    - "--scopes"
    - "--stop-at=scopes"
---
success: true
exit_code: 0
----- stdout -----
(program
   (class Foo (global @3) ∅)
   (var foo (global @4) (call +4 (global Foo @3)))
   (expr (call +5 (global foo @4))))

----- stderr -----
