---
source: crabbing-interpreters/tests/testsuite/main.rs
info:
  program: crabbing-interpreters
  args:
    - crabbing-interpreters/tests/cases/function_name_not_identifier.lox
---
success: false
exit_code: 65
----- stdout -----

----- stderr -----
Error: at `42`: expected Identifier
   ╭─[crabbing-interpreters/tests/cases/function_name_not_identifier.lox:1:5]
   │
 1 │ fun 42() {}
   │     ──  
───╯
