---
source: crabbing-interpreters/tests/testsuite/craftinginterpreters.rs
info:
  program: crabbing-interpreters
  args:
    - craftinginterpreters/test/method/print_bound_method.lox
    - "--scopes"
    - "--stop-at=scopes"
---
success: true
exit_code: 0
----- stdout -----
(program
   (class Foo (global @1)
      (method method [] []
         (block)))
   (var foo (global @2) (call +2 (global Foo @1)))
   (print (attr (global foo @2) method)))

----- stderr -----
