---
source: crabbing-interpreters/tests/testsuite/main.rs
info:
  program: crabbing-interpreters
  args:
    - craftinginterpreters/test/super/indirectly_inherited.lox
    - "--scopes"
    - "--stop-at=scopes"
---
success: true
exit_code: 0
----- stdout -----
(program
   (class A (global @3) ∅
      (method foo [(local this @0)] []
         (block
            (print "A.foo()"))))
   (class B (global @4) (global A @3))
   (class C (global @5) (global B @4)
      (method foo [(local this @0)] [None]
         (block
            (print "C.foo()")
            (expr (call +1 (super (cell super @0) (local super @0) foo))))))
   (expr (call +6 (attr (call +6 (global C @5)) foo))))

----- stderr -----
