---
source: crabbing-interpreters/tests/testsuite/main.rs
info:
  program: crabbing-interpreters
  args:
    - craftinginterpreters/test/function/nested_call_with_arguments.lox
    - "--scopes"
    - "--stop-at=scopes"
---
success: true
exit_code: 0
----- stdout -----
(program
   (fun returnArg (global @1) [(local arg @0)] []
      (block
         (return (local arg @0))))
   (fun returnFunCallWithArg (global @2) [(local func @0) (local arg @1)] []
      (block
         (return (call +2 (call +2 (global returnArg @1) (local func @0)) (local arg @1)))))
   (fun printArg (global @3) [(local arg @0)] []
      (block
         (print (local arg @0))))
   (expr (call +4 (global returnFunCallWithArg @2) (global printArg @3) "hello world")))

----- stderr -----
