---
source: crabbing-interpreters/tests/testsuite/craftinginterpreters.rs
info:
  program: crabbing-interpreters
  args:
    - crabbing-interpreters/tests/cases/type_error_with_function_call.lox
    - "--scopes"
    - "--stop-at=scopes"
---
success: true
exit_code: 0
----- stdout -----
(program
   (fun f @1 []
      (block))
   (expr (+ (call +2 (local f @1)) "f()")))

----- stderr -----
