---
source: crabbing-interpreters/tests/testsuite/main.rs
info:
  program: crabbing-interpreters
  args:
    - craftinginterpreters/test/variable/redefine_global.lox
    - "--scopes"
    - "--stop-at=scopes"
---
success: true
exit_code: 0
----- stdout -----
(program
   (var a (global @3) "1")
   (var a (global @3) "2")
   (print (global a @3)))

----- stderr -----
