---
source: crabbing-interpreters/tests/testsuite/craftinginterpreters.rs
info:
  program: crabbing-interpreters
  args:
    - craftinginterpreters/test/limit/too_many_upvalues.lox
    - "--scopes"
    - "--stop-at=scopes"
---
success: true
exit_code: 0
----- stdout -----
(program
   (fun f @1 []
      (block
         (var v00 @0 ∅)
         (var v01 @1 ∅)
         (var v02 @2 ∅)
         (var v03 @3 ∅)
         (var v04 @4 ∅)
         (var v05 @5 ∅)
         (var v06 @6 ∅)
         (var v07 @7 ∅)
         (var v08 @8 ∅)
         (var v09 @9 ∅)
         (var v0a @10 ∅)
         (var v0b @11 ∅)
         (var v0c @12 ∅)
         (var v0d @13 ∅)
         (var v0e @14 ∅)
         (var v0f @15 ∅)
         (var v10 @16 ∅)
         (var v11 @17 ∅)
         (var v12 @18 ∅)
         (var v13 @19 ∅)
         (var v14 @20 ∅)
         (var v15 @21 ∅)
         (var v16 @22 ∅)
         (var v17 @23 ∅)
         (var v18 @24 ∅)
         (var v19 @25 ∅)
         (var v1a @26 ∅)
         (var v1b @27 ∅)
         (var v1c @28 ∅)
         (var v1d @29 ∅)
         (var v1e @30 ∅)
         (var v1f @31 ∅)
         (var v20 @32 ∅)
         (var v21 @33 ∅)
         (var v22 @34 ∅)
         (var v23 @35 ∅)
         (var v24 @36 ∅)
         (var v25 @37 ∅)
         (var v26 @38 ∅)
         (var v27 @39 ∅)
         (var v28 @40 ∅)
         (var v29 @41 ∅)
         (var v2a @42 ∅)
         (var v2b @43 ∅)
         (var v2c @44 ∅)
         (var v2d @45 ∅)
         (var v2e @46 ∅)
         (var v2f @47 ∅)
         (var v30 @48 ∅)
         (var v31 @49 ∅)
         (var v32 @50 ∅)
         (var v33 @51 ∅)
         (var v34 @52 ∅)
         (var v35 @53 ∅)
         (var v36 @54 ∅)
         (var v37 @55 ∅)
         (var v38 @56 ∅)
         (var v39 @57 ∅)
         (var v3a @58 ∅)
         (var v3b @59 ∅)
         (var v3c @60 ∅)
         (var v3d @61 ∅)
         (var v3e @62 ∅)
         (var v3f @63 ∅)
         (var v40 @64 ∅)
         (var v41 @65 ∅)
         (var v42 @66 ∅)
         (var v43 @67 ∅)
         (var v44 @68 ∅)
         (var v45 @69 ∅)
         (var v46 @70 ∅)
         (var v47 @71 ∅)
         (var v48 @72 ∅)
         (var v49 @73 ∅)
         (var v4a @74 ∅)
         (var v4b @75 ∅)
         (var v4c @76 ∅)
         (var v4d @77 ∅)
         (var v4e @78 ∅)
         (var v4f @79 ∅)
         (var v50 @80 ∅)
         (var v51 @81 ∅)
         (var v52 @82 ∅)
         (var v53 @83 ∅)
         (var v54 @84 ∅)
         (var v55 @85 ∅)
         (var v56 @86 ∅)
         (var v57 @87 ∅)
         (var v58 @88 ∅)
         (var v59 @89 ∅)
         (var v5a @90 ∅)
         (var v5b @91 ∅)
         (var v5c @92 ∅)
         (var v5d @93 ∅)
         (var v5e @94 ∅)
         (var v5f @95 ∅)
         (var v60 @96 ∅)
         (var v61 @97 ∅)
         (var v62 @98 ∅)
         (var v63 @99 ∅)
         (var v64 @100 ∅)
         (var v65 @101 ∅)
         (var v66 @102 ∅)
         (var v67 @103 ∅)
         (var v68 @104 ∅)
         (var v69 @105 ∅)
         (var v6a @106 ∅)
         (var v6b @107 ∅)
         (var v6c @108 ∅)
         (var v6d @109 ∅)
         (var v6e @110 ∅)
         (var v6f @111 ∅)
         (var v70 @112 ∅)
         (var v71 @113 ∅)
         (var v72 @114 ∅)
         (var v73 @115 ∅)
         (var v74 @116 ∅)
         (var v75 @117 ∅)
         (var v76 @118 ∅)
         (var v77 @119 ∅)
         (var v78 @120 ∅)
         (var v79 @121 ∅)
         (var v7a @122 ∅)
         (var v7b @123 ∅)
         (var v7c @124 ∅)
         (var v7d @125 ∅)
         (var v7e @126 ∅)
         (var v7f @127 ∅)
         (fun g @128 []
            (block
               (var v80 @0 ∅)
               (var v81 @1 ∅)
               (var v82 @2 ∅)
               (var v83 @3 ∅)
               (var v84 @4 ∅)
               (var v85 @5 ∅)
               (var v86 @6 ∅)
               (var v87 @7 ∅)
               (var v88 @8 ∅)
               (var v89 @9 ∅)
               (var v8a @10 ∅)
               (var v8b @11 ∅)
               (var v8c @12 ∅)
               (var v8d @13 ∅)
               (var v8e @14 ∅)
               (var v8f @15 ∅)
               (var v90 @16 ∅)
               (var v91 @17 ∅)
               (var v92 @18 ∅)
               (var v93 @19 ∅)
               (var v94 @20 ∅)
               (var v95 @21 ∅)
               (var v96 @22 ∅)
               (var v97 @23 ∅)
               (var v98 @24 ∅)
               (var v99 @25 ∅)
               (var v9a @26 ∅)
               (var v9b @27 ∅)
               (var v9c @28 ∅)
               (var v9d @29 ∅)
               (var v9e @30 ∅)
               (var v9f @31 ∅)
               (var va0 @32 ∅)
               (var va1 @33 ∅)
               (var va2 @34 ∅)
               (var va3 @35 ∅)
               (var va4 @36 ∅)
               (var va5 @37 ∅)
               (var va6 @38 ∅)
               (var va7 @39 ∅)
               (var va8 @40 ∅)
               (var va9 @41 ∅)
               (var vaa @42 ∅)
               (var vab @43 ∅)
               (var vac @44 ∅)
               (var vad @45 ∅)
               (var vae @46 ∅)
               (var vaf @47 ∅)
               (var vb0 @48 ∅)
               (var vb1 @49 ∅)
               (var vb2 @50 ∅)
               (var vb3 @51 ∅)
               (var vb4 @52 ∅)
               (var vb5 @53 ∅)
               (var vb6 @54 ∅)
               (var vb7 @55 ∅)
               (var vb8 @56 ∅)
               (var vb9 @57 ∅)
               (var vba @58 ∅)
               (var vbb @59 ∅)
               (var vbc @60 ∅)
               (var vbd @61 ∅)
               (var vbe @62 ∅)
               (var vbf @63 ∅)
               (var vc0 @64 ∅)
               (var vc1 @65 ∅)
               (var vc2 @66 ∅)
               (var vc3 @67 ∅)
               (var vc4 @68 ∅)
               (var vc5 @69 ∅)
               (var vc6 @70 ∅)
               (var vc7 @71 ∅)
               (var vc8 @72 ∅)
               (var vc9 @73 ∅)
               (var vca @74 ∅)
               (var vcb @75 ∅)
               (var vcc @76 ∅)
               (var vcd @77 ∅)
               (var vce @78 ∅)
               (var vcf @79 ∅)
               (var vd0 @80 ∅)
               (var vd1 @81 ∅)
               (var vd2 @82 ∅)
               (var vd3 @83 ∅)
               (var vd4 @84 ∅)
               (var vd5 @85 ∅)
               (var vd6 @86 ∅)
               (var vd7 @87 ∅)
               (var vd8 @88 ∅)
               (var vd9 @89 ∅)
               (var vda @90 ∅)
               (var vdb @91 ∅)
               (var vdc @92 ∅)
               (var vdd @93 ∅)
               (var vde @94 ∅)
               (var vdf @95 ∅)
               (var ve0 @96 ∅)
               (var ve1 @97 ∅)
               (var ve2 @98 ∅)
               (var ve3 @99 ∅)
               (var ve4 @100 ∅)
               (var ve5 @101 ∅)
               (var ve6 @102 ∅)
               (var ve7 @103 ∅)
               (var ve8 @104 ∅)
               (var ve9 @105 ∅)
               (var vea @106 ∅)
               (var veb @107 ∅)
               (var vec @108 ∅)
               (var ved @109 ∅)
               (var vee @110 ∅)
               (var vef @111 ∅)
               (var vf0 @112 ∅)
               (var vf1 @113 ∅)
               (var vf2 @114 ∅)
               (var vf3 @115 ∅)
               (var vf4 @116 ∅)
               (var vf5 @117 ∅)
               (var vf6 @118 ∅)
               (var vf7 @119 ∅)
               (var vf8 @120 ∅)
               (var vf9 @121 ∅)
               (var vfa @122 ∅)
               (var vfb @123 ∅)
               (var vfc @124 ∅)
               (var vfd @125 ∅)
               (var vfe @126 ∅)
               (var vff @127 ∅)
               (var oops @128 ∅)
               (fun h @129 []
                  (block
                     (expr (name-error v00))
                     (expr (name-error v01))
                     (expr (name-error v02))
                     (expr (name-error v03))
                     (expr (name-error v04))
                     (expr (name-error v05))
                     (expr (name-error v06))
                     (expr (name-error v07))
                     (expr (name-error v08))
                     (expr (name-error v09))
                     (expr (name-error v0a))
                     (expr (name-error v0b))
                     (expr (name-error v0c))
                     (expr (name-error v0d))
                     (expr (name-error v0e))
                     (expr (name-error v0f))
                     (expr (name-error v10))
                     (expr (name-error v11))
                     (expr (name-error v12))
                     (expr (name-error v13))
                     (expr (name-error v14))
                     (expr (name-error v15))
                     (expr (name-error v16))
                     (expr (name-error v17))
                     (expr (name-error v18))
                     (expr (name-error v19))
                     (expr (name-error v1a))
                     (expr (name-error v1b))
                     (expr (name-error v1c))
                     (expr (name-error v1d))
                     (expr (name-error v1e))
                     (expr (name-error v1f))
                     (expr (name-error v20))
                     (expr (name-error v21))
                     (expr (name-error v22))
                     (expr (name-error v23))
                     (expr (name-error v24))
                     (expr (name-error v25))
                     (expr (name-error v26))
                     (expr (name-error v27))
                     (expr (name-error v28))
                     (expr (name-error v29))
                     (expr (name-error v2a))
                     (expr (name-error v2b))
                     (expr (name-error v2c))
                     (expr (name-error v2d))
                     (expr (name-error v2e))
                     (expr (name-error v2f))
                     (expr (name-error v30))
                     (expr (name-error v31))
                     (expr (name-error v32))
                     (expr (name-error v33))
                     (expr (name-error v34))
                     (expr (name-error v35))
                     (expr (name-error v36))
                     (expr (name-error v37))
                     (expr (name-error v38))
                     (expr (name-error v39))
                     (expr (name-error v3a))
                     (expr (name-error v3b))
                     (expr (name-error v3c))
                     (expr (name-error v3d))
                     (expr (name-error v3e))
                     (expr (name-error v3f))
                     (expr (name-error v40))
                     (expr (name-error v41))
                     (expr (name-error v42))
                     (expr (name-error v43))
                     (expr (name-error v44))
                     (expr (name-error v45))
                     (expr (name-error v46))
                     (expr (name-error v47))
                     (expr (name-error v48))
                     (expr (name-error v49))
                     (expr (name-error v4a))
                     (expr (name-error v4b))
                     (expr (name-error v4c))
                     (expr (name-error v4d))
                     (expr (name-error v4e))
                     (expr (name-error v4f))
                     (expr (name-error v50))
                     (expr (name-error v51))
                     (expr (name-error v52))
                     (expr (name-error v53))
                     (expr (name-error v54))
                     (expr (name-error v55))
                     (expr (name-error v56))
                     (expr (name-error v57))
                     (expr (name-error v58))
                     (expr (name-error v59))
                     (expr (name-error v5a))
                     (expr (name-error v5b))
                     (expr (name-error v5c))
                     (expr (name-error v5d))
                     (expr (name-error v5e))
                     (expr (name-error v5f))
                     (expr (name-error v60))
                     (expr (name-error v61))
                     (expr (name-error v62))
                     (expr (name-error v63))
                     (expr (name-error v64))
                     (expr (name-error v65))
                     (expr (name-error v66))
                     (expr (name-error v67))
                     (expr (name-error v68))
                     (expr (name-error v69))
                     (expr (name-error v6a))
                     (expr (name-error v6b))
                     (expr (name-error v6c))
                     (expr (name-error v6d))
                     (expr (name-error v6e))
                     (expr (name-error v6f))
                     (expr (name-error v70))
                     (expr (name-error v71))
                     (expr (name-error v72))
                     (expr (name-error v73))
                     (expr (name-error v74))
                     (expr (name-error v75))
                     (expr (name-error v76))
                     (expr (name-error v77))
                     (expr (name-error v78))
                     (expr (name-error v79))
                     (expr (name-error v7a))
                     (expr (name-error v7b))
                     (expr (name-error v7c))
                     (expr (name-error v7d))
                     (expr (name-error v7e))
                     (expr (name-error v7f))
                     (expr (name-error v80))
                     (expr (name-error v81))
                     (expr (name-error v82))
                     (expr (name-error v83))
                     (expr (name-error v84))
                     (expr (name-error v85))
                     (expr (name-error v86))
                     (expr (name-error v87))
                     (expr (name-error v88))
                     (expr (name-error v89))
                     (expr (name-error v8a))
                     (expr (name-error v8b))
                     (expr (name-error v8c))
                     (expr (name-error v8d))
                     (expr (name-error v8e))
                     (expr (name-error v8f))
                     (expr (name-error v90))
                     (expr (name-error v91))
                     (expr (name-error v92))
                     (expr (name-error v93))
                     (expr (name-error v94))
                     (expr (name-error v95))
                     (expr (name-error v96))
                     (expr (name-error v97))
                     (expr (name-error v98))
                     (expr (name-error v99))
                     (expr (name-error v9a))
                     (expr (name-error v9b))
                     (expr (name-error v9c))
                     (expr (name-error v9d))
                     (expr (name-error v9e))
                     (expr (name-error v9f))
                     (expr (name-error va0))
                     (expr (name-error va1))
                     (expr (name-error va2))
                     (expr (name-error va3))
                     (expr (name-error va4))
                     (expr (name-error va5))
                     (expr (name-error va6))
                     (expr (name-error va7))
                     (expr (name-error va8))
                     (expr (name-error va9))
                     (expr (name-error vaa))
                     (expr (name-error vab))
                     (expr (name-error vac))
                     (expr (name-error vad))
                     (expr (name-error vae))
                     (expr (name-error vaf))
                     (expr (name-error vb0))
                     (expr (name-error vb1))
                     (expr (name-error vb2))
                     (expr (name-error vb3))
                     (expr (name-error vb4))
                     (expr (name-error vb5))
                     (expr (name-error vb6))
                     (expr (name-error vb7))
                     (expr (name-error vb8))
                     (expr (name-error vb9))
                     (expr (name-error vba))
                     (expr (name-error vbb))
                     (expr (name-error vbc))
                     (expr (name-error vbd))
                     (expr (name-error vbe))
                     (expr (name-error vbf))
                     (expr (name-error vc0))
                     (expr (name-error vc1))
                     (expr (name-error vc2))
                     (expr (name-error vc3))
                     (expr (name-error vc4))
                     (expr (name-error vc5))
                     (expr (name-error vc6))
                     (expr (name-error vc7))
                     (expr (name-error vc8))
                     (expr (name-error vc9))
                     (expr (name-error vca))
                     (expr (name-error vcb))
                     (expr (name-error vcc))
                     (expr (name-error vcd))
                     (expr (name-error vce))
                     (expr (name-error vcf))
                     (expr (name-error vd0))
                     (expr (name-error vd1))
                     (expr (name-error vd2))
                     (expr (name-error vd3))
                     (expr (name-error vd4))
                     (expr (name-error vd5))
                     (expr (name-error vd6))
                     (expr (name-error vd7))
                     (expr (name-error vd8))
                     (expr (name-error vd9))
                     (expr (name-error vda))
                     (expr (name-error vdb))
                     (expr (name-error vdc))
                     (expr (name-error vdd))
                     (expr (name-error vde))
                     (expr (name-error vdf))
                     (expr (name-error ve0))
                     (expr (name-error ve1))
                     (expr (name-error ve2))
                     (expr (name-error ve3))
                     (expr (name-error ve4))
                     (expr (name-error ve5))
                     (expr (name-error ve6))
                     (expr (name-error ve7))
                     (expr (name-error ve8))
                     (expr (name-error ve9))
                     (expr (name-error vea))
                     (expr (name-error veb))
                     (expr (name-error vec))
                     (expr (name-error ved))
                     (expr (name-error vee))
                     (expr (name-error vef))
                     (expr (name-error vf0))
                     (expr (name-error vf1))
                     (expr (name-error vf2))
                     (expr (name-error vf3))
                     (expr (name-error vf4))
                     (expr (name-error vf5))
                     (expr (name-error vf6))
                     (expr (name-error vf7))
                     (expr (name-error vf8))
                     (expr (name-error vf9))
                     (expr (name-error vfa))
                     (expr (name-error vfb))
                     (expr (name-error vfc))
                     (expr (name-error vfd))
                     (expr (name-error vfe))
                     (expr (name-error vff))
                     (expr (name-error oops)))))))))

----- stderr -----
