---
source: crabbing-interpreters/tests/testsuite/craftinginterpreters.rs
info:
  program: crabbing-interpreters
  args:
    - craftinginterpreters/test/precedence.lox
---
success: false
exit_code: 65
----- stdout -----

----- stderr -----
Error: ambiguous precedences between operators `==` and `<`
    ╭─[craftinginterpreters/test/precedence.lox:14:13]
    │
 14 │ print false == 2 < 1; // expect: true
    │             ──   ─  
    │                      
    │                     
    │                      
────╯
