---
source: crabbing-interpreters/tests/testsuite/main.rs
info:
  program: crabbing-interpreters
  args:
    - craftinginterpreters/test/operator/negate.lox
    - "--scopes"
    - "--stop-at=scopes"
---
success: true
exit_code: 0
----- stdout -----
(program
   (print (- (group 3.0)))
   (print (- (- (group 3.0))))
   (print (- (- (- (group 3.0))))))

----- stderr -----
