---
source: crabbing-interpreters/tests/testsuite/craftinginterpreters.rs
info:
  program: crabbing-interpreters
  args:
    - crabbing-interpreters/tests/cases/error_around_multibyte_char.lox
    - "--scopes"
    - "--stop-at=scopes"
---
success: true
exit_code: 0
----- stdout -----
(program
   (var x (global @1) (+ (global-by-name ündėfınēð) 42.0)))

----- stderr -----
