---
source: crabbing-interpreters/tests/testsuite/craftinginterpreters.rs
info:
  program: crabbing-interpreters
  args:
    - craftinginterpreters/test/function/extra_arguments.lox
    - "--scopes"
    - "--stop-at=scopes"
---
success: true
exit_code: 0
----- stdout -----
(program
   (fun f @1 [a b]
      (block
         (print (local a @0))
         (print (local b @1))))
   (expr (call +2 (local f @1) 1.0 2.0 3.0 4.0)))

----- stderr -----
