---
source: crabbing-interpreters/tests/testsuite/main.rs
info:
  program: crabbing-interpreters
  args:
    - craftinginterpreters/test/for/return_closure.lox
    - "--scopes"
    - "--stop-at=scopes"
---
success: true
exit_code: 0
----- stdout -----
(program
   (fun f (global @3) [] [None]
      (block
         (for
            ∅
            ∅
            ∅
            (block
               (var i (cell @0) "i")
               (fun g (local @0) [] [Some(0)]
                  (block
                     (print (cell i @0))))
               (return (local g @0))))))
   (var h (global @4) (call +4 (global f @3)))
   (expr (call +5 (global h @4))))

----- stderr -----
