---
source: crabbing-interpreters/tests/testsuite/main.rs
info:
  program: crabbing-interpreters
  args:
    - craftinginterpreters/test/variable/shadow_and_local.lox
    - "--scopes"
    - "--stop-at=scopes"
---
success: true
exit_code: 0
----- stdout -----
(program
   (block
      (var a (local @3) "outer")
      (block
         (print (local a @3))
         (var a (local @4) "inner")
         (print (local a @4)))))

----- stderr -----
