---
source: crabbing-interpreters/tests/testsuite/main.rs
info:
  program: crabbing-interpreters
  args:
    - craftinginterpreters/test/for/return_inside.lox
    - "--scopes"
    - "--stop-at=scopes"
---
success: true
exit_code: 0
----- stdout -----
(program
   (fun f (global @3) [] []
      (block
         (for
            ∅
            ∅
            ∅
            (block
               (var i (local @0) "i")
               (return (local i @0))))))
   (print (call +4 (global f @3))))

----- stderr -----
