---
source: crabbing-interpreters/tests/testsuite/craftinginterpreters.rs
info:
  program: crabbing-interpreters
  args:
    - craftinginterpreters/test/limit/too_many_locals.lox
    - "--scopes"
    - "--stop-at=scopes"
---
success: true
exit_code: 0
----- stdout -----
(program
   (fun f @1 []
      (block
         (var v01 @0 ∅)
         (var v02 @0 ∅)
         (var v03 @0 ∅)
         (var v04 @0 ∅)
         (var v05 @0 ∅)
         (var v06 @0 ∅)
         (var v07 @0 ∅)
         (var v08 @0 ∅)
         (var v09 @0 ∅)
         (var v0a @0 ∅)
         (var v0b @0 ∅)
         (var v0c @0 ∅)
         (var v0d @0 ∅)
         (var v0e @0 ∅)
         (var v0f @0 ∅)
         (var v10 @0 ∅)
         (var v11 @0 ∅)
         (var v12 @0 ∅)
         (var v13 @0 ∅)
         (var v14 @0 ∅)
         (var v15 @0 ∅)
         (var v16 @0 ∅)
         (var v17 @0 ∅)
         (var v18 @0 ∅)
         (var v19 @0 ∅)
         (var v1a @0 ∅)
         (var v1b @0 ∅)
         (var v1c @0 ∅)
         (var v1d @0 ∅)
         (var v1e @0 ∅)
         (var v1f @0 ∅)
         (var v20 @0 ∅)
         (var v21 @0 ∅)
         (var v22 @0 ∅)
         (var v23 @0 ∅)
         (var v24 @0 ∅)
         (var v25 @0 ∅)
         (var v26 @0 ∅)
         (var v27 @0 ∅)
         (var v28 @0 ∅)
         (var v29 @0 ∅)
         (var v2a @0 ∅)
         (var v2b @0 ∅)
         (var v2c @0 ∅)
         (var v2d @0 ∅)
         (var v2e @0 ∅)
         (var v2f @0 ∅)
         (var v30 @0 ∅)
         (var v31 @0 ∅)
         (var v32 @0 ∅)
         (var v33 @0 ∅)
         (var v34 @0 ∅)
         (var v35 @0 ∅)
         (var v36 @0 ∅)
         (var v37 @0 ∅)
         (var v38 @0 ∅)
         (var v39 @0 ∅)
         (var v3a @0 ∅)
         (var v3b @0 ∅)
         (var v3c @0 ∅)
         (var v3d @0 ∅)
         (var v3e @0 ∅)
         (var v3f @0 ∅)
         (var v40 @0 ∅)
         (var v41 @0 ∅)
         (var v42 @0 ∅)
         (var v43 @0 ∅)
         (var v44 @0 ∅)
         (var v45 @0 ∅)
         (var v46 @0 ∅)
         (var v47 @0 ∅)
         (var v48 @0 ∅)
         (var v49 @0 ∅)
         (var v4a @0 ∅)
         (var v4b @0 ∅)
         (var v4c @0 ∅)
         (var v4d @0 ∅)
         (var v4e @0 ∅)
         (var v4f @0 ∅)
         (var v50 @0 ∅)
         (var v51 @0 ∅)
         (var v52 @0 ∅)
         (var v53 @0 ∅)
         (var v54 @0 ∅)
         (var v55 @0 ∅)
         (var v56 @0 ∅)
         (var v57 @0 ∅)
         (var v58 @0 ∅)
         (var v59 @0 ∅)
         (var v5a @0 ∅)
         (var v5b @0 ∅)
         (var v5c @0 ∅)
         (var v5d @0 ∅)
         (var v5e @0 ∅)
         (var v5f @0 ∅)
         (var v60 @0 ∅)
         (var v61 @0 ∅)
         (var v62 @0 ∅)
         (var v63 @0 ∅)
         (var v64 @0 ∅)
         (var v65 @0 ∅)
         (var v66 @0 ∅)
         (var v67 @0 ∅)
         (var v68 @0 ∅)
         (var v69 @0 ∅)
         (var v6a @0 ∅)
         (var v6b @0 ∅)
         (var v6c @0 ∅)
         (var v6d @0 ∅)
         (var v6e @0 ∅)
         (var v6f @0 ∅)
         (var v70 @0 ∅)
         (var v71 @0 ∅)
         (var v72 @0 ∅)
         (var v73 @0 ∅)
         (var v74 @0 ∅)
         (var v75 @0 ∅)
         (var v76 @0 ∅)
         (var v77 @0 ∅)
         (var v78 @0 ∅)
         (var v79 @0 ∅)
         (var v7a @0 ∅)
         (var v7b @0 ∅)
         (var v7c @0 ∅)
         (var v7d @0 ∅)
         (var v7e @0 ∅)
         (var v7f @0 ∅)
         (var v80 @0 ∅)
         (var v81 @0 ∅)
         (var v82 @0 ∅)
         (var v83 @0 ∅)
         (var v84 @0 ∅)
         (var v85 @0 ∅)
         (var v86 @0 ∅)
         (var v87 @0 ∅)
         (var v88 @0 ∅)
         (var v89 @0 ∅)
         (var v8a @0 ∅)
         (var v8b @0 ∅)
         (var v8c @0 ∅)
         (var v8d @0 ∅)
         (var v8e @0 ∅)
         (var v8f @0 ∅)
         (var v90 @0 ∅)
         (var v91 @0 ∅)
         (var v92 @0 ∅)
         (var v93 @0 ∅)
         (var v94 @0 ∅)
         (var v95 @0 ∅)
         (var v96 @0 ∅)
         (var v97 @0 ∅)
         (var v98 @0 ∅)
         (var v99 @0 ∅)
         (var v9a @0 ∅)
         (var v9b @0 ∅)
         (var v9c @0 ∅)
         (var v9d @0 ∅)
         (var v9e @0 ∅)
         (var v9f @0 ∅)
         (var va0 @0 ∅)
         (var va1 @0 ∅)
         (var va2 @0 ∅)
         (var va3 @0 ∅)
         (var va4 @0 ∅)
         (var va5 @0 ∅)
         (var va6 @0 ∅)
         (var va7 @0 ∅)
         (var va8 @0 ∅)
         (var va9 @0 ∅)
         (var vaa @0 ∅)
         (var vab @0 ∅)
         (var vac @0 ∅)
         (var vad @0 ∅)
         (var vae @0 ∅)
         (var vaf @0 ∅)
         (var vb0 @0 ∅)
         (var vb1 @0 ∅)
         (var vb2 @0 ∅)
         (var vb3 @0 ∅)
         (var vb4 @0 ∅)
         (var vb5 @0 ∅)
         (var vb6 @0 ∅)
         (var vb7 @0 ∅)
         (var vb8 @0 ∅)
         (var vb9 @0 ∅)
         (var vba @0 ∅)
         (var vbb @0 ∅)
         (var vbc @0 ∅)
         (var vbd @0 ∅)
         (var vbe @0 ∅)
         (var vbf @0 ∅)
         (var vc0 @0 ∅)
         (var vc1 @0 ∅)
         (var vc2 @0 ∅)
         (var vc3 @0 ∅)
         (var vc4 @0 ∅)
         (var vc5 @0 ∅)
         (var vc6 @0 ∅)
         (var vc7 @0 ∅)
         (var vc8 @0 ∅)
         (var vc9 @0 ∅)
         (var vca @0 ∅)
         (var vcb @0 ∅)
         (var vcc @0 ∅)
         (var vcd @0 ∅)
         (var vce @0 ∅)
         (var vcf @0 ∅)
         (var vd0 @0 ∅)
         (var vd1 @0 ∅)
         (var vd2 @0 ∅)
         (var vd3 @0 ∅)
         (var vd4 @0 ∅)
         (var vd5 @0 ∅)
         (var vd6 @0 ∅)
         (var vd7 @0 ∅)
         (var vd8 @0 ∅)
         (var vd9 @0 ∅)
         (var vda @0 ∅)
         (var vdb @0 ∅)
         (var vdc @0 ∅)
         (var vdd @0 ∅)
         (var vde @0 ∅)
         (var vdf @0 ∅)
         (var ve0 @0 ∅)
         (var ve1 @0 ∅)
         (var ve2 @0 ∅)
         (var ve3 @0 ∅)
         (var ve4 @0 ∅)
         (var ve5 @0 ∅)
         (var ve6 @0 ∅)
         (var ve7 @0 ∅)
         (var ve8 @0 ∅)
         (var ve9 @0 ∅)
         (var vea @0 ∅)
         (var veb @0 ∅)
         (var vec @0 ∅)
         (var ved @0 ∅)
         (var vee @0 ∅)
         (var vef @0 ∅)
         (var vf0 @0 ∅)
         (var vf1 @0 ∅)
         (var vf2 @0 ∅)
         (var vf3 @0 ∅)
         (var vf4 @0 ∅)
         (var vf5 @0 ∅)
         (var vf6 @0 ∅)
         (var vf7 @0 ∅)
         (var vf8 @0 ∅)
         (var vf9 @0 ∅)
         (var vfa @0 ∅)
         (var vfb @0 ∅)
         (var vfc @0 ∅)
         (var vfd @0 ∅)
         (var vfe @0 ∅)
         (var vff @0 ∅)
         (var oops @0 ∅))))

----- stderr -----
