---
source: crabbing-interpreters/tests/testsuite/main.rs
info:
  program: crabbing-interpreters
  args:
    - craftinginterpreters/test/assignment/syntax.lox
    - "--scopes"
    - "--stop-at=scopes"
---
success: true
exit_code: 0
----- stdout -----
(program
   (var a (global @3) "before")
   (var c (global @4) (= (global a @3) "var"))
   (print (global a @3))
   (print (global c @4)))

----- stderr -----
