---
source: crabbing-interpreters/tests/testsuite/main.rs
info:
  program: crabbing-interpreters
  args:
    - craftinginterpreters/test/function/extra_arguments.lox
    - "--scopes"
    - "--stop-at=scopes"
---
success: true
exit_code: 0
----- stdout -----
(program
   (fun f (global @3) [(local a @0) (local b @1)] []
      (block
         (print (local a @0))
         (print (local b @1))))
   (expr (call +4 (global f @3) 1.0 2.0 3.0 4.0)))

----- stderr -----
