---
source: crabbing-interpreters/tests/testsuite/main.rs
info:
  program: crabbing-interpreters
  args:
    - craftinginterpreters/test/regression/394.lox
    - "--scopes"
    - "--stop-at=scopes"
---
success: true
exit_code: 0
----- stdout -----
(program
   (block
      (class A (local @1) ∅)
      (class B (local @2) (local A @1))
      (print (local B @2))))

----- stderr -----
