---
source: crabbing-interpreters/tests/testsuite/craftinginterpreters.rs
info:
  program: crabbing-interpreters
  args:
    - craftinginterpreters/test/variable/local_from_method.lox
---
success: false
exit_code: 65
----- stdout -----

----- stderr -----
Error: Expect a binary operator.
   ╭─[craftinginterpreters/test/variable/local_from_method.lox:9:6]
   │
 9 │ Foo().method(); // expect: variable
   │      ─  
   │          
───╯
