---
source: crabbing-interpreters/tests/testsuite/craftinginterpreters.rs
info:
  program: crabbing-interpreters
  args:
    - craftinginterpreters/test/operator/not_class.lox
    - "--scopes"
    - "--stop-at=scopes"
---
success: true
exit_code: 0
----- stdout -----
(program
   (class Bar (global @1) ∅)
   (print (! (global Bar @1)))
   (print (! (call +2 (global Bar @1)))))

----- stderr -----
