---
source: crabbing-interpreters/tests/testsuite/main.rs
info:
  program: crabbing-interpreters
  args:
    - crabbing-interpreters/tests/cases/assign_to_global_variable_in_function_defined_after_function.lox
    - "--scopes"
    - "--stop-at=scopes"
---
success: true
exit_code: 0
----- stdout -----
(program
   (fun f (global @3) [] []
      (block
         (expr (= (global-by-name a) 42.0))))
   (var a (global @4) 27.0)
   (print (global a @4))
   (print (call +5 (global f @3)))
   (print (global a @4)))

----- stderr -----
