---
source: crabbing-interpreters/tests/testsuite/main.rs
info:
  program: crabbing-interpreters
  args:
    - crabbing-interpreters/tests/cases/compare_different_functions.lox
    - "--scopes"
    - "--stop-at=scopes"
---
success: true
exit_code: 0
----- stdout -----
(program
   (fun function (global @3) [] []
      (block))
   (var f (global @4) (global function @3))
   (fun function (global @3) [] []
      (block))
   (var g (global @5) (global function @3))
   (print (global f @4))
   (print (global g @5))
   (print (== (global f @4) (global f @4)))
   (print (== (global g @5) (global g @5)))
   (print (== (global f @4) (global g @5))))

----- stderr -----
