---
source: crabbing-interpreters/tests/testsuite/main.rs
info:
  program: crabbing-interpreters
  args:
    - craftinginterpreters/test/inheritance/inherit_from_function.lox
    - "--scopes"
    - "--stop-at=scopes"
---
success: true
exit_code: 0
----- stdout -----
(program
   (fun foo (global @3) [] []
      (block))
   (class Subclass (global @4) (global foo @3)))

----- stderr -----
