---
source: crabbing-interpreters/tests/testsuite/main.rs
info:
  program: crabbing-interpreters
  args:
    - crabbing-interpreters/tests/cases/clock_function.lox
    - "--scopes"
    - "--stop-at=scopes"
---
success: true
exit_code: 0
----- stdout -----
(program
   (print (global clock @0))
   (print (>= (call +1 (global clock @0)) 0.0))
   (print (< (global clock @0) 0.0)))

----- stderr -----
