---
source: crabbing-interpreters/tests/testsuite/main.rs
info:
  program: crabbing-interpreters
  args:
    - craftinginterpreters/test/operator/add_nil_nil.lox
---
success: false
exit_code: 70
----- stdout -----

----- stderr -----
Error: type error in binary operator `+`: lhs has type `Nil`, but rhs has type `Nil`
   ╭─[craftinginterpreters/test/operator/add_nil_nil.lox:1:1]
   │
 1 │ nil + nil; // expect runtime error: Operands must be two numbers or two strings.
   │ ─┬─ ┬ ─┬─  
   │  │  │  ╰─── this is of type `Nil`
   │  │  │      
   │  │  ╰────── the operator in question
   │  │         
   │  ╰───────── this is of type `Nil`
   │ 
   │ Help: operator `+` can only be applied to two numbers or two strings
───╯
