---
source: crabbing-interpreters/tests/testsuite/craftinginterpreters.rs
info:
  program: crabbing-interpreters
  args:
    - craftinginterpreters/test/closure/assign_to_closure.lox
    - "--scopes"
    - "--stop-at=scopes"
---
success: true
exit_code: 0
----- stdout -----
(program
   (var f @1 ∅)
   (var g @2 ∅)
   (block
      (var local @3 "local")
      (fun f_ @4 []
         (block
            (print (global local @3))
            (expr (= (global local @3) "after f"))
            (print (global local @3))))
      (expr (= (local f @1) (local f_ @4)))
      (fun g_ @5 []
         (block
            (print (global local @3))
            (expr (= (global local @3) "after g"))
            (print (global local @3))))
      (expr (= (local g @2) (local g_ @5))))
   (expr (call +3 (local f @1)))
   (expr (call +3 (local g @2))))

----- stderr -----
