---
source: crabbing-interpreters/tests/testsuite/main.rs
info:
  program: crabbing-interpreters
  args:
    - craftinginterpreters/test/variable/in_middle_of_block.lox
    - "--scopes"
    - "--stop-at=scopes"
---
success: true
exit_code: 0
----- stdout -----
(program
   (block
      (var a (local @3) "a")
      (print (local a @3))
      (var b (local @4) (+ (local a @3) " b"))
      (print (local b @4))
      (var c (local @5) (+ (local a @3) " c"))
      (print (local c @5))
      (var d (local @6) (+ (local b @4) " d"))
      (print (local d @6))))

----- stderr -----
