---
source: crabbing-interpreters/tests/testsuite/main.rs
info:
  program: crabbing-interpreters
  args:
    - craftinginterpreters/test/field/call_nonfunction_field.lox
    - "--scopes"
    - "--stop-at=scopes"
---
success: true
exit_code: 0
----- stdout -----
(program
   (class Foo (global @3) ∅)
   (var foo (global @4) (call +4 (global Foo @3)))
   (expr (= (setattr (global foo @4) bar) "not fn"))
   (expr (call +5 (attr (global foo @4) bar))))

----- stderr -----
