---
source: crabbing-interpreters/tests/testsuite/main.rs
info:
  program: crabbing-interpreters
  args:
    - "--scopes"
  stdin: var x = 27; var y = x + 42; print y;
---
success: true
exit_code: 0
----- stdout -----
[0mλ» [1m[0m(program
   (var x (global @3) 27.0)
   (var y (global @4) (+ (global x @3) 42.0))
   (print (global y @4)))
69
[0mλ» [1m[0m
----- stderr -----
