---
source: crabbing-interpreters/tests/testsuite/main.rs
info:
  program: crabbing-interpreters
  args:
    - craftinginterpreters/test/super/closure.lox
    - "--scopes"
    - "--stop-at=scopes"
---
success: true
exit_code: 0
----- stdout -----
(program
   (class Base (global @3) ∅
      (method toString [(local this @0)] []
         (block
            (return "Base"))))
   (class Derived (global @4) (global Base @3)
      (method getClosure [(cell this @1)] [None, None]
         (block
            (fun closure (local @0) [] [Some(1), Some(0)]
               (block
                  (return (call +0 (super (cell super @1) (cell super @0) toString)))))
            (return (local closure @0))))
      (method toString [(local this @0)] [None]
         (block
            (return "Derived"))))
   (var closure (global @5) (call +5 (attr (call +5 (global Derived @4)) getClosure)))
   (print (call +6 (global closure @5))))

----- stderr -----
