---
source: crabbing-interpreters/tests/testsuite/craftinginterpreters.rs
info:
  program: crabbing-interpreters
  args:
    - craftinginterpreters/test/variable/undefined_local.lox
---
success: false
exit_code: 70
----- stdout -----

----- stderr -----
Error: Undefined variable `notDefined`.
   ╭─[craftinginterpreters/test/variable/undefined_local.lox:2:9]
   │
 2 │   print notDefined;  // expect runtime error: Undefined variable 'notDefined'.
   │         ──────────  
───╯
