---
source: crabbing-interpreters/tests/testsuite/main.rs
info:
  program: crabbing-interpreters
  args:
    - craftinginterpreters/test/variable/shadow_global.lox
    - "--scopes"
    - "--stop-at=scopes"
---
success: true
exit_code: 0
----- stdout -----
(program
   (var a (global @3) "global")
   (block
      (var a (local @4) "shadow")
      (print (local a @4)))
   (print (global a @3)))

----- stderr -----
