---
source: crabbing-interpreters/tests/testsuite/craftinginterpreters.rs
info:
  program: crabbing-interpreters
  args:
    - craftinginterpreters/test/closure/close_over_method_parameter.lox
---
success: false
exit_code: 65
----- stdout -----

----- stderr -----
Error: Expect a binary operator.
    ╭─[craftinginterpreters/test/closure/close_over_method_parameter.lox:12:6]
    │
 12 │ Foo().method("param");
    │      ─  
    │          
────╯
