---
source: crabbing-interpreters/tests/testsuite/main.rs
info:
  program: crabbing-interpreters
  args:
    - craftinginterpreters/test/assignment/grouping.lox
---
success: false
exit_code: 65
----- stdout -----

----- stderr -----
Error: invalid assignment target: `(a)`
   ╭─[craftinginterpreters/test/assignment/grouping.lox:2:5]
   │
 2 │ (a) = "value"; // Error at '=': Invalid assignment target.
   │ ─┬─ ─  
   │  ╰───── only names can be assigned to, not parenthesised expressions
───╯
