---
source: crabbing-interpreters/tests/testsuite/craftinginterpreters.rs
info:
  program: crabbing-interpreters
  args:
    - craftinginterpreters/test/regression/40.lox
    - "--scopes"
    - "--stop-at=scopes"
---
success: true
exit_code: 0
----- stdout -----
(program
   (fun caller @1 [g]
      (block
         (expr (call +1 (local g @0)))
         (print (== (local g @0) nil))))
   (fun callCaller @2 []
      (block
         (var capturedVar @0 "before")
         (var a @0 "a")
         (fun f @0 []
            (block
               (expr (=-name-error capturedVar "after"))))
         (expr (call +1 (global caller @1) (local f @0)))))
   (expr (call +3 (local callCaller @2))))

----- stderr -----
