---
source: crabbing-interpreters/tests/testsuite/main.rs
info:
  program: crabbing-interpreters
  args:
    - craftinginterpreters/test/for/scope.lox
    - "--scopes"
    - "--stop-at=scopes"
---
success: true
exit_code: 0
----- stdout -----
(program
   (block
      (var i (local @3) "before")
      (for
         (var i (local @4) 0.0)
         (< (local i @4) 1.0)
         (= (local i @4) (+ (local i @4) 1.0))
         (block
            (print (local i @4))
            (var i (local @5) (- 1.0))
            (print (local i @5)))))
   (block
      (for
         (var i (local @3) 0.0)
         (> (local i @3) 0.0)
         (= (local i @3) (+ (local i @3) 1.0))
         (block))
      (var i (local @3) "after")
      (print (local i @3))
      (for
         (expr (= (local i @3) 0.0))
         (< (local i @3) 1.0)
         (= (local i @3) (+ (local i @3) 1.0))
         (block
            (print (local i @3))))))

----- stderr -----
