---
source: crabbing-interpreters/tests/testsuite/main.rs
info:
  program: crabbing-interpreters
  args:
    - craftinginterpreters/test/operator/not_class.lox
    - "--scopes"
    - "--stop-at=scopes"
---
success: true
exit_code: 0
----- stdout -----
(program
   (class Bar (global @3) ∅)
   (print (! (global Bar @3)))
   (print (! (call +4 (global Bar @3)))))

----- stderr -----
