---
source: crabbing-interpreters/tests/testsuite/main.rs
info:
  program: crabbing-interpreters
  args:
    - craftinginterpreters/test/logical_operator/and.lox
    - "--scopes"
    - "--stop-at=scopes"
---
success: true
exit_code: 0
----- stdout -----
(program
   (print (and false 1.0))
   (print (and true 1.0))
   (print (and (and 1.0 2.0) false))
   (print (and 1.0 true))
   (print (and (and 1.0 2.0) 3.0))
   (var a (global @3) "before")
   (var b (global @4) "before")
   (expr (and (and (group (= (global a @3) true)) (group (= (global b @4) false))) (group (= (global a @3) "bad"))))
   (print (global a @3))
   (print (global b @4)))

----- stderr -----
