---
source: crabbing-interpreters/tests/testsuite/main.rs
info:
  program: crabbing-interpreters
  args:
    - craftinginterpreters/test/constructor/call_init_explicitly.lox
---
success: true
exit_code: 0
----- stdout -----
Foo.init(one)
Foo.init(two)
<Foo instance at [POINTER]>
init

----- stderr -----
