---
source: crabbing-interpreters/tests/testsuite/main.rs
info:
  program: crabbing-interpreters
  args:
    - crabbing-interpreters/tests/cases/add_bound_method.lox
---
success: false
exit_code: 70
----- stdout -----

----- stderr -----
Error: type error in binary operator `+`: lhs has type `BoundMethod`, but rhs has type `Number`
   ╭─[crabbing-interpreters/tests/cases/add_bound_method.lox:6:1]
   │
 6 │ f + 42;
   │ ┬ ┬ ─┬  
   │ │ │  ╰── this is of type `Number`
   │ │ │     
   │ │ ╰───── the operator in question
   │ │       
   │ ╰─────── this is of type `BoundMethod`
   │ 
   │ Help: operator `+` can only be applied to two numbers or two strings
───╯
