---
source: crabbing-interpreters/tests/testsuite/main.rs
info:
  program: crabbing-interpreters
  args: []
  stdin: print print 42;
---
success: true
exit_code: 0
----- stdout -----
[0mλ» [1m[0m[0mλ» [1m[0m
----- stderr -----
Error: Expect expression.
   ╭─[<input>:1:7]
   │
 1 │ print print 42;
   │       ─────  
───╯
