---
source: crabbing-interpreters/tests/testsuite/main.rs
info:
  program: crabbing-interpreters
  args:
    - craftinginterpreters/test/if/if.lox
    - "--scopes"
    - "--stop-at=scopes"
---
success: true
exit_code: 0
----- stdout -----
(program
   (if
      true
      (print "good")
      ∅)
   (if
      false
      (print "bad")
      ∅)
   (if
      true
      (block
         (print "block"))
      ∅)
   (var a (global @1) false)
   (if
      (= (global a @1) true)
      (print (global a @1))
      ∅))

----- stderr -----
