---
source: crabbing-interpreters/tests/testsuite/main.rs
info:
  program: crabbing-interpreters
  args:
    - craftinginterpreters/test/constructor/call_init_early_return.lox
    - "--scopes"
    - "--stop-at=scopes"
---
success: true
exit_code: 0
----- stdout -----
(program
   (class Foo (global @3) ∅
      (method init [(local this @0)] []
         (block
            (print "init")
            (init-return)
            (print "nope")
            (init-return))))
   (var foo (global @4) (call +4 (global Foo @3)))
   (print (call +5 (attr (global foo @4) init))))

----- stderr -----
