---
source: crabbing-interpreters/tests/testsuite/main.rs
info:
  program: crabbing-interpreters
  args:
    - craftinginterpreters/test/limit/stack_overflow.lox
---
success: false
exit_code: -1
----- stdout -----

----- stderr -----

thread 'main' has overflowed its stack
fatal runtime error: stack overflow
