---
source: crabbing-interpreters/tests/testsuite/craftinginterpreters.rs
info:
  program: crabbing-interpreters
  args:
    - craftinginterpreters/test/variable/scope_reuse_in_different_blocks.lox
    - "--scopes"
    - "--stop-at=scopes"
---
success: true
exit_code: 0
----- stdout -----
(program
   (block
      (var a @1 "first")
      (print (local a @1)))
   (block
      (var a @1 "second")
      (print (local a @1))))

----- stderr -----
