---
source: crabbing-interpreters/tests/testsuite/craftinginterpreters.rs
info:
  program: crabbing-interpreters
  args:
    - craftinginterpreters/test/logical_operator/and.lox
    - "--scopes"
    - "--stop-at=scopes"
---
success: true
exit_code: 0
----- stdout -----
(program
   (print (and false 1.0))
   (print (and true 1.0))
   (print (and (and 1.0 2.0) false))
   (print (and 1.0 true))
   (print (and (and 1.0 2.0) 3.0))
   (var a (global @1) "before")
   (var b (global @2) "before")
   (expr (and (and (group (= (global a @1) true)) (group (= (global b @2) false))) (group (= (global a @1) "bad"))))
   (print (global a @1))
   (print (global b @2)))

----- stderr -----
