---
source: crabbing-interpreters/tests/testsuite/craftinginterpreters.rs
info:
  program: crabbing-interpreters
  args:
    - craftinginterpreters/test/super/parenthesized.lox
---
success: false
exit_code: 65
----- stdout -----

----- stderr -----
Error: at `)`: expected Dot
   ╭─[craftinginterpreters/test/super/parenthesized.lox:8:11]
   │
 8 │     (super).method();
   │           ─  
   │               
───╯
