---
source: crabbing-interpreters/tests/testsuite/main.rs
info:
  program: crabbing-interpreters
  args:
    - craftinginterpreters/test/closure/nested_closure.lox
    - "--scopes"
    - "--stop-at=scopes"
---
success: true
exit_code: 0
----- stdout -----
(program
   (var f (global @3) ∅)
   (fun f1 (global @4) [] [None]
      (block
         (var a (cell @0) "a")
         (fun f2 (local @0) [] [Some(0), None]
            (block
               (var b (cell @1) "b")
               (fun f3 (local @0) [] [Some(0), Some(1), None]
                  (block
                     (var c (cell @2) "c")
                     (fun f4 (local @0) [] [Some(0), Some(1), Some(2)]
                        (block
                           (print (cell a @0))
                           (print (cell b @1))
                           (print (cell c @2))))
                     (expr (= (global f @3) (local f4 @0)))))
               (expr (call +1 (local f3 @0)))))
         (expr (call +1 (local f2 @0)))))
   (expr (call +5 (global f1 @4)))
   (expr (call +5 (global f @3))))

----- stderr -----
