---
source: crabbing-interpreters/tests/testsuite/main.rs
info:
  program: crabbing-interpreters
  args:
    - craftinginterpreters/test/constructor/extra_arguments.lox
    - "--scopes"
    - "--stop-at=scopes"
---
success: true
exit_code: 0
----- stdout -----
(program
   (class Foo (global @3) ∅
      (method init [(local this @0) (local a @1) (local b @2)] []
         (block
            (expr (= (setattr (local this @0) a) (local a @1)))
            (expr (= (setattr (local this @0) b) (local b @2)))
            (init-return))))
   (var foo (global @4) (call +4 (global Foo @3) 1.0 2.0 3.0 4.0)))

----- stderr -----
