---
source: crabbing-interpreters/tests/testsuite/craftinginterpreters.rs
info:
  program: crabbing-interpreters
  args:
    - craftinginterpreters/test/function/local_recursion.lox
---
success: false
exit_code: 65
----- stdout -----

----- stderr -----
[line 3] Error at 'return': Expect expression.
