---
source: crabbing-interpreters/tests/testsuite/main.rs
info:
  program: crabbing-interpreters
  args:
    - craftinginterpreters/test/class/reference_self.lox
    - "--scopes"
    - "--stop-at=scopes"
---
success: true
exit_code: 0
----- stdout -----
(program
   (class Foo (global @3) ∅
      (method returnSelf [(local this @0)] []
         (block
            (return (global Foo @3)))))
   (print (call +4 (attr (call +4 (global Foo @3)) returnSelf))))

----- stderr -----
