---
source: tests/testsuite/main.rs
info:
  program: crabbing-interpreters
  args: []
  stdin: var x = 42; print x + y;
---
success: true
exit_code: 0
----- stdout -----
[0mλ» [1m[0m[0mλ» [1m[0m
----- stderr -----
Error: Undefined variable `y`.
   ╭─[<input>:1:23]
   │
 1 │ var x = 42; print x + y;
   │                       ─  
   │                           
───╯
