---
source: crabbing-interpreters/tests/testsuite/main.rs
info:
  program: crabbing-interpreters
  args:
    - craftinginterpreters/test/variable/use_this_as_var.lox
---
success: false
exit_code: 65
----- stdout -----

----- stderr -----
Error: at `this`: expected Identifier
   ╭─[craftinginterpreters/test/variable/use_this_as_var.lox:2:5]
   │
 2 │ var this = "value";
   │     ────  
───╯
