---
source: crabbing-interpreters/tests/testsuite/main.rs
info:
  program: crabbing-interpreters
  args:
    - craftinginterpreters/test/constructor/init_not_method.lox
    - "--scopes"
    - "--stop-at=scopes"
---
success: true
exit_code: 0
----- stdout -----
(program
   (class Foo (global @3) ∅
      (method init [(local this @0) (local arg @1)] []
         (block
            (print (+ (+ "Foo.init(" (local arg @1)) ")"))
            (expr (= (setattr (local this @0) field) "init"))
            (init-return))))
   (fun init (global @4) [] []
      (block
         (print "not initializer")))
   (expr (call +5 (global init @4))))

----- stderr -----
