---
source: crabbing-interpreters/tests/testsuite/main.rs
info:
  program: crabbing-interpreters
  args:
    - craftinginterpreters/test/super/super_in_inherited_method.lox
    - "--scopes"
    - "--stop-at=scopes"
---
success: true
exit_code: 0
----- stdout -----
(program
   (class A (global @3) ∅
      (method say [(local this @0)] []
         (block
            (print "A"))))
   (class B (global @4) (global A @3)
      (method test [(local this @0)] [None]
         (block
            (expr (call +1 (super (cell super @0) (local super @0) say)))))
      (method say [(local this @0)] [None]
         (block
            (print "B"))))
   (class C (global @5) (global B @4)
      (method say [(local this @0)] [None]
         (block
            (print "C"))))
   (expr (call +6 (attr (call +6 (global C @5)) test))))

----- stderr -----
