---
source: crabbing-interpreters/tests/testsuite/craftinginterpreters.rs
info:
  program: crabbing-interpreters
  args:
    - craftinginterpreters/test/block/empty.lox
    - "--scopes"
    - "--stop-at=scopes"
---
success: true
exit_code: 0
----- stdout -----
(program
   (block)
   (if
      true
      (block)
      ∅)
   (if
      false
      (block)
      (block))
   (print "ok"))

----- stderr -----
