---
source: crabbing-interpreters/tests/testsuite/main.rs
info:
  program: crabbing-interpreters
  args:
    - craftinginterpreters/test/field/set_on_class.lox
---
success: false
exit_code: 70
----- stdout -----

----- stderr -----
Error: only instances have fields, but `<class Foo at [POINTER]>` is of type `Class`
   ╭─[craftinginterpreters/test/field/set_on_class.lox:2:1]
   │
 2 │ Foo.bar = "value"; // expect runtime error: Only instances have fields.
   │ ─── ───  
───╯
