---
source: crabbing-interpreters/tests/testsuite/craftinginterpreters.rs
info:
  program: crabbing-interpreters
  args:
    - craftinginterpreters/test/field/set_on_function.lox
    - "--scopes"
    - "--stop-at=scopes"
---
success: true
exit_code: 0
----- stdout -----
(program
   (fun foo (global @1) [] []
      (block))
   (expr (= (setattr (global foo @1) bar) "value")))

----- stderr -----
