---
source: crabbing-interpreters/tests/testsuite/main.rs
info:
  program: crabbing-interpreters
  args:
    - craftinginterpreters/test/this/nested_class.lox
    - "--scopes"
    - "--stop-at=scopes"
---
success: true
exit_code: 0
----- stdout -----
(program
   (class Outer (global @3) ∅
      (method method [(cell this @0)] [None]
         (block
            (print (cell this @0))
            (fun f (local @0) [] [Some(0)]
               (block
                  (print (cell this @0))
                  (class Inner (local @0) ∅
                     (method method [(local this @0)] []
                        (block
                           (print (local this @0)))))
                  (expr (call +1 (attr (call +1 (local Inner @0)) method)))))
            (expr (call +1 (local f @0))))))
   (expr (call +4 (attr (call +4 (global Outer @3)) method))))

----- stderr -----
