---
source: crabbing-interpreters/tests/testsuite/craftinginterpreters.rs
info:
  program: crabbing-interpreters
  args:
    - craftinginterpreters/test/call/object.lox
---
success: false
exit_code: 65
----- stdout -----

----- stderr -----
Error: Expect expression.
   ╭─[craftinginterpreters/test/call/object.lox:1:1]
   │
 1 │ class Foo {}
   │ ─────  
   │         
───╯
