---
source: crabbing-interpreters/tests/testsuite/main.rs
info:
  program: crabbing-interpreters
  args:
    - craftinginterpreters/test/field/on_instance.lox
    - "--scopes"
    - "--stop-at=scopes"
---
success: true
exit_code: 0
----- stdout -----
(program
   (class Foo (global @3) ∅)
   (var foo (global @4) (call +4 (global Foo @3)))
   (print (= (setattr (global foo @4) bar) "bar value"))
   (print (= (setattr (global foo @4) baz) "baz value"))
   (print (attr (global foo @4) bar))
   (print (attr (global foo @4) baz)))

----- stderr -----
