---
source: crabbing-interpreters/tests/testsuite/craftinginterpreters.rs
info:
  program: crabbing-interpreters
  args:
    - craftinginterpreters/test/method/refer_to_name.lox
    - "--scopes"
    - "--stop-at=scopes"
---
success: true
exit_code: 0
----- stdout -----
(program
   (class Foo (global @1)
      (method method [(local this @0)] []
         (block
            (print (global-by-name method)))))
   (expr (call +2 (attr (call +2 (global Foo @1)) method))))

----- stderr -----
