---
source: crabbing-interpreters/tests/testsuite/main.rs
info:
  program: crabbing-interpreters
  args:
    - craftinginterpreters/test/super/super_in_top_level_function.lox
---
success: false
exit_code: 65
----- stdout -----

----- stderr -----
Error: Can’t use `super` outside of class.
   ╭─[craftinginterpreters/test/super/super_in_top_level_function.lox:1:3]
   │
 1 │   super.bar(); // Error at 'super': Can't use 'super' outside of a class.
   │   ─────  
───╯
