---
source: crabbing-interpreters/tests/testsuite/main.rs
info:
  program: crabbing-interpreters
  args:
    - crabbing-interpreters/tests/cases/function_call_arity_mismatch_too_many.lox
    - "--scopes"
    - "--stop-at=scopes"
---
success: true
exit_code: 0
----- stdout -----
(program
   (fun function_name (global @3) [(local param @0)] []
      (block))
   (expr (call +4 (global function_name @3) 42.0 27.0)))

----- stderr -----
