---
source: crabbing-interpreters/tests/testsuite/main.rs
info:
  program: crabbing-interpreters
  args:
    - "--scopes"
  stdin: var x; print x; print x == nil;
---
success: true
exit_code: 0
----- stdout -----
[0mλ» [1m[0m(program
   (var x (global @1) ∅)
   (print (global x @1))
   (print (== (global x @1) nil)))
nil
true
[0mλ» [1m[0m
----- stderr -----
