---
source: crabbing-interpreters/tests/testsuite/main.rs
info:
  program: crabbing-interpreters
  args:
    - craftinginterpreters/test/field/many.lox
    - "--scopes"
    - "--stop-at=scopes"
---
success: true
exit_code: 0
----- stdout -----
(program
   (class Foo (global @3) ∅)
   (var foo (global @4) (call +4 (global Foo @3)))
   (fun setFields (global @5) [] []
      (block
         (expr (= (setattr (global foo @4) bilberry) "bilberry"))
         (expr (= (setattr (global foo @4) lime) "lime"))
         (expr (= (setattr (global foo @4) elderberry) "elderberry"))
         (expr (= (setattr (global foo @4) raspberry) "raspberry"))
         (expr (= (setattr (global foo @4) gooseberry) "gooseberry"))
         (expr (= (setattr (global foo @4) longan) "longan"))
         (expr (= (setattr (global foo @4) mandarine) "mandarine"))
         (expr (= (setattr (global foo @4) kiwifruit) "kiwifruit"))
         (expr (= (setattr (global foo @4) orange) "orange"))
         (expr (= (setattr (global foo @4) pomegranate) "pomegranate"))
         (expr (= (setattr (global foo @4) tomato) "tomato"))
         (expr (= (setattr (global foo @4) banana) "banana"))
         (expr (= (setattr (global foo @4) juniper) "juniper"))
         (expr (= (setattr (global foo @4) damson) "damson"))
         (expr (= (setattr (global foo @4) blackcurrant) "blackcurrant"))
         (expr (= (setattr (global foo @4) peach) "peach"))
         (expr (= (setattr (global foo @4) grape) "grape"))
         (expr (= (setattr (global foo @4) mango) "mango"))
         (expr (= (setattr (global foo @4) redcurrant) "redcurrant"))
         (expr (= (setattr (global foo @4) watermelon) "watermelon"))
         (expr (= (setattr (global foo @4) plumcot) "plumcot"))
         (expr (= (setattr (global foo @4) papaya) "papaya"))
         (expr (= (setattr (global foo @4) cloudberry) "cloudberry"))
         (expr (= (setattr (global foo @4) rambutan) "rambutan"))
         (expr (= (setattr (global foo @4) salak) "salak"))
         (expr (= (setattr (global foo @4) physalis) "physalis"))
         (expr (= (setattr (global foo @4) huckleberry) "huckleberry"))
         (expr (= (setattr (global foo @4) coconut) "coconut"))
         (expr (= (setattr (global foo @4) date) "date"))
         (expr (= (setattr (global foo @4) tamarind) "tamarind"))
         (expr (= (setattr (global foo @4) lychee) "lychee"))
         (expr (= (setattr (global foo @4) raisin) "raisin"))
         (expr (= (setattr (global foo @4) apple) "apple"))
         (expr (= (setattr (global foo @4) avocado) "avocado"))
         (expr (= (setattr (global foo @4) nectarine) "nectarine"))
         (expr (= (setattr (global foo @4) pomelo) "pomelo"))
         (expr (= (setattr (global foo @4) melon) "melon"))
         (expr (= (setattr (global foo @4) currant) "currant"))
         (expr (= (setattr (global foo @4) plum) "plum"))
         (expr (= (setattr (global foo @4) persimmon) "persimmon"))
         (expr (= (setattr (global foo @4) olive) "olive"))
         (expr (= (setattr (global foo @4) cranberry) "cranberry"))
         (expr (= (setattr (global foo @4) boysenberry) "boysenberry"))
         (expr (= (setattr (global foo @4) blackberry) "blackberry"))
         (expr (= (setattr (global foo @4) passionfruit) "passionfruit"))
         (expr (= (setattr (global foo @4) mulberry) "mulberry"))
         (expr (= (setattr (global foo @4) marionberry) "marionberry"))
         (expr (= (setattr (global foo @4) plantain) "plantain"))
         (expr (= (setattr (global foo @4) lemon) "lemon"))
         (expr (= (setattr (global foo @4) yuzu) "yuzu"))
         (expr (= (setattr (global foo @4) loquat) "loquat"))
         (expr (= (setattr (global foo @4) kumquat) "kumquat"))
         (expr (= (setattr (global foo @4) salmonberry) "salmonberry"))
         (expr (= (setattr (global foo @4) tangerine) "tangerine"))
         (expr (= (setattr (global foo @4) durian) "durian"))
         (expr (= (setattr (global foo @4) pear) "pear"))
         (expr (= (setattr (global foo @4) cantaloupe) "cantaloupe"))
         (expr (= (setattr (global foo @4) quince) "quince"))
         (expr (= (setattr (global foo @4) guava) "guava"))
         (expr (= (setattr (global foo @4) strawberry) "strawberry"))
         (expr (= (setattr (global foo @4) nance) "nance"))
         (expr (= (setattr (global foo @4) apricot) "apricot"))
         (expr (= (setattr (global foo @4) jambul) "jambul"))
         (expr (= (setattr (global foo @4) grapefruit) "grapefruit"))
         (expr (= (setattr (global foo @4) clementine) "clementine"))
         (expr (= (setattr (global foo @4) jujube) "jujube"))
         (expr (= (setattr (global foo @4) cherry) "cherry"))
         (expr (= (setattr (global foo @4) feijoa) "feijoa"))
         (expr (= (setattr (global foo @4) jackfruit) "jackfruit"))
         (expr (= (setattr (global foo @4) fig) "fig"))
         (expr (= (setattr (global foo @4) cherimoya) "cherimoya"))
         (expr (= (setattr (global foo @4) pineapple) "pineapple"))
         (expr (= (setattr (global foo @4) blueberry) "blueberry"))
         (expr (= (setattr (global foo @4) jabuticaba) "jabuticaba"))
         (expr (= (setattr (global foo @4) miracle) "miracle"))
         (expr (= (setattr (global foo @4) dragonfruit) "dragonfruit"))
         (expr (= (setattr (global foo @4) satsuma) "satsuma"))
         (expr (= (setattr (global foo @4) tamarillo) "tamarillo"))
         (expr (= (setattr (global foo @4) honeydew) "honeydew"))))
   (expr (call +6 (global setFields @5)))
   (fun printFields (global @6) [] []
      (block
         (print (attr (global foo @4) apple))
         (print (attr (global foo @4) apricot))
         (print (attr (global foo @4) avocado))
         (print (attr (global foo @4) banana))
         (print (attr (global foo @4) bilberry))
         (print (attr (global foo @4) blackberry))
         (print (attr (global foo @4) blackcurrant))
         (print (attr (global foo @4) blueberry))
         (print (attr (global foo @4) boysenberry))
         (print (attr (global foo @4) cantaloupe))
         (print (attr (global foo @4) cherimoya))
         (print (attr (global foo @4) cherry))
         (print (attr (global foo @4) clementine))
         (print (attr (global foo @4) cloudberry))
         (print (attr (global foo @4) coconut))
         (print (attr (global foo @4) cranberry))
         (print (attr (global foo @4) currant))
         (print (attr (global foo @4) damson))
         (print (attr (global foo @4) date))
         (print (attr (global foo @4) dragonfruit))
         (print (attr (global foo @4) durian))
         (print (attr (global foo @4) elderberry))
         (print (attr (global foo @4) feijoa))
         (print (attr (global foo @4) fig))
         (print (attr (global foo @4) gooseberry))
         (print (attr (global foo @4) grape))
         (print (attr (global foo @4) grapefruit))
         (print (attr (global foo @4) guava))
         (print (attr (global foo @4) honeydew))
         (print (attr (global foo @4) huckleberry))
         (print (attr (global foo @4) jabuticaba))
         (print (attr (global foo @4) jackfruit))
         (print (attr (global foo @4) jambul))
         (print (attr (global foo @4) jujube))
         (print (attr (global foo @4) juniper))
         (print (attr (global foo @4) kiwifruit))
         (print (attr (global foo @4) kumquat))
         (print (attr (global foo @4) lemon))
         (print (attr (global foo @4) lime))
         (print (attr (global foo @4) longan))
         (print (attr (global foo @4) loquat))
         (print (attr (global foo @4) lychee))
         (print (attr (global foo @4) mandarine))
         (print (attr (global foo @4) mango))
         (print (attr (global foo @4) marionberry))
         (print (attr (global foo @4) melon))
         (print (attr (global foo @4) miracle))
         (print (attr (global foo @4) mulberry))
         (print (attr (global foo @4) nance))
         (print (attr (global foo @4) nectarine))
         (print (attr (global foo @4) olive))
         (print (attr (global foo @4) orange))
         (print (attr (global foo @4) papaya))
         (print (attr (global foo @4) passionfruit))
         (print (attr (global foo @4) peach))
         (print (attr (global foo @4) pear))
         (print (attr (global foo @4) persimmon))
         (print (attr (global foo @4) physalis))
         (print (attr (global foo @4) pineapple))
         (print (attr (global foo @4) plantain))
         (print (attr (global foo @4) plum))
         (print (attr (global foo @4) plumcot))
         (print (attr (global foo @4) pomegranate))
         (print (attr (global foo @4) pomelo))
         (print (attr (global foo @4) quince))
         (print (attr (global foo @4) raisin))
         (print (attr (global foo @4) rambutan))
         (print (attr (global foo @4) raspberry))
         (print (attr (global foo @4) redcurrant))
         (print (attr (global foo @4) salak))
         (print (attr (global foo @4) salmonberry))
         (print (attr (global foo @4) satsuma))
         (print (attr (global foo @4) strawberry))
         (print (attr (global foo @4) tamarillo))
         (print (attr (global foo @4) tamarind))
         (print (attr (global foo @4) tangerine))
         (print (attr (global foo @4) tomato))
         (print (attr (global foo @4) watermelon))
         (print (attr (global foo @4) yuzu))))
   (expr (call +7 (global printFields @6))))

----- stderr -----
