---
source: crabbing-interpreters/tests/testsuite/main.rs
info:
  program: crabbing-interpreters
  args:
    - craftinginterpreters/test/this/closure.lox
    - "--scopes"
    - "--stop-at=scopes"
---
success: true
exit_code: 0
----- stdout -----
(program
   (class Foo (global @3) ∅
      (method getClosure [(cell this @0)] [None]
         (block
            (fun closure (local @0) [] [Some(0)]
               (block
                  (return (call +0 (attr (cell this @0) toString)))))
            (return (local closure @0))))
      (method toString [(local this @0)] []
         (block
            (return "Foo"))))
   (var closure (global @4) (call +4 (attr (call +4 (global Foo @3)) getClosure)))
   (print (call +5 (global closure @4))))

----- stderr -----
