---
source: crabbing-interpreters/tests/testsuite/main.rs
info:
  program: crabbing-interpreters
  args:
    - crabbing-interpreters/tests/cases/type_error_with_identifier.lox
    - "--scopes"
    - "--stop-at=scopes"
---
success: true
exit_code: 0
----- stdout -----
(program
   (var variable_name (global @3) nil)
   (expr (+ (global variable_name @3) 42.0)))

----- stderr -----
