---
source: crabbing-interpreters/tests/testsuite/main.rs
info:
  program: crabbing-interpreters
  args:
    - craftinginterpreters/test/field/call_function_field.lox
    - "--scopes"
    - "--stop-at=scopes"
---
success: true
exit_code: 0
----- stdout -----
(program
   (class Foo (global @3) ∅)
   (fun bar (global @4) [(local a @0) (local b @1)] []
      (block
         (print "bar")
         (print (local a @0))
         (print (local b @1))))
   (var foo (global @5) (call +5 (global Foo @3)))
   (expr (= (setattr (global foo @5) bar) (global bar @4)))
   (expr (call +6 (attr (global foo @5) bar) 1.0 2.0)))

----- stderr -----
