---
source: crabbing-interpreters/tests/testsuite/main.rs
info:
  program: crabbing-interpreters
  args:
    - craftinginterpreters/test/super/no_superclass_method.lox
    - "--scopes"
    - "--stop-at=scopes"
---
success: true
exit_code: 0
----- stdout -----
(program
   (class Base (global @3) ∅)
   (class Derived (global @4) (global Base @3)
      (method foo [(local this @0)] [None]
         (block
            (expr (call +1 (super (cell super @0) (local super @0) doesNotExist) 1.0)))))
   (expr (call +5 (attr (call +5 (global Derived @4)) foo))))

----- stderr -----
