---
source: crabbing-interpreters/tests/testsuite/main.rs
info:
  program: crabbing-interpreters
  args:
    - "--scopes"
  stdin: "4<\n2;"
---
success: true
exit_code: 0
----- stdout -----
[0mλ» [1m[0m[0m.. [1m[0m(program
   (expr (< 4.0 2.0)))
[38;2;170;034;255m[1m=> false[0m
[0mλ» [1m[0m
----- stderr -----
