---
source: crabbing-interpreters/tests/testsuite/craftinginterpreters.rs
info:
  program: crabbing-interpreters
  args:
    - crabbing-interpreters/tests/cases/local_variables.lox
    - "--scopes"
    - "--stop-at=scopes"
---
success: true
exit_code: 0
----- stdout -----
(program
   (fun f (global @1) [] []
      (block
         (var a (local @0) 42.0)
         (var b (local @1) 27.0)
         (print (global f @1))
         (print (local a @0))
         (print (local b @1))))
   (expr (call +2 (global f @1))))

----- stderr -----
