---
source: crabbing-interpreters/tests/testsuite/main.rs
info:
  program: crabbing-interpreters
  args:
    - craftinginterpreters/test/closure/assign_to_shadowed_later.lox
    - "--scopes"
    - "--stop-at=scopes"
---
success: true
exit_code: 0
----- stdout -----
(program
   (var a (global @1) "global")
   (block
      (fun assign (local @2) [] []
         (block
            (expr (= (global a @1) "assigned"))))
      (var a (local @3) "inner")
      (expr (call +4 (local assign @2)))
      (print (local a @3)))
   (print (global a @1)))

----- stderr -----
