---
source: crabbing-interpreters/tests/testsuite/main.rs
info:
  program: crabbing-interpreters
  args:
    - craftinginterpreters/test/inheritance/set_fields_from_base_class.lox
    - "--scopes"
    - "--stop-at=scopes"
---
success: true
exit_code: 0
----- stdout -----
(program
   (class Foo (global @3) ∅
      (method foo [(local this @0) (local a @1) (local b @2)] []
         (block
            (expr (= (setattr (local this @0) field1) (local a @1)))
            (expr (= (setattr (local this @0) field2) (local b @2)))))
      (method fooPrint [(local this @0)] []
         (block
            (print (attr (local this @0) field1))
            (print (attr (local this @0) field2)))))
   (class Bar (global @4) (global Foo @3)
      (method bar [(local this @0) (local a @1) (local b @2)] [None]
         (block
            (expr (= (setattr (local this @0) field1) (local a @1)))
            (expr (= (setattr (local this @0) field2) (local b @2)))))
      (method barPrint [(local this @0)] [None]
         (block
            (print (attr (local this @0) field1))
            (print (attr (local this @0) field2)))))
   (var bar (global @5) (call +5 (global Bar @4)))
   (expr (call +6 (attr (global bar @5) foo) "foo 1" "foo 2"))
   (expr (call +6 (attr (global bar @5) fooPrint)))
   (expr (call +6 (attr (global bar @5) bar) "bar 1" "bar 2"))
   (expr (call +6 (attr (global bar @5) barPrint)))
   (expr (call +6 (attr (global bar @5) fooPrint))))

----- stderr -----
