---
source: crabbing-interpreters/tests/testsuite/main.rs
info:
  program: crabbing-interpreters
  args:
    - craftinginterpreters/test/constructor/default_arguments.lox
    - "--scopes"
    - "--stop-at=scopes"
---
success: true
exit_code: 0
----- stdout -----
(program
   (class Foo (global @1) ∅)
   (var foo (global @2) (call +2 (global Foo @1) 1.0 2.0 3.0)))

----- stderr -----
