---
source: crabbing-interpreters/tests/testsuite/main.rs
info:
  program: crabbing-interpreters
  args:
    - craftinginterpreters/test/closure/open_closure_in_function.lox
    - "--scopes"
    - "--stop-at=scopes"
---
success: true
exit_code: 0
----- stdout -----
(program
   (block
      (var local (cell @0) "local")
      (fun f (local @2) [] [Some(0)]
         (block
            (print (cell local @0))))
      (expr (call +3 (local f @2)))))

----- stderr -----
