---
source: crabbing-interpreters/tests/testsuite/craftinginterpreters.rs
info:
  program: crabbing-interpreters
  args:
    - craftinginterpreters/test/super/no_superclass_method.lox
    - "--scopes"
    - "--stop-at=scopes"
---
success: true
exit_code: 0
----- stdout -----
(program
   (class Base (global @1) ∅)
   (class Derived (global @2) (global Base @1)
      (method foo [(local this @0)] [None]
         (block
            (expr (call +1 (super (cell super @0) (local super @0) doesNotExist) 1.0)))))
   (expr (call +3 (attr (call +3 (global Derived @2)) foo))))

----- stderr -----
