---
source: crabbing-interpreters/tests/testsuite/main.rs
info:
  program: crabbing-interpreters
  args:
    - crabbing-interpreters/tests/cases/assign_to_global_variable_in_function.lox
    - "--scopes"
    - "--stop-at=scopes"
---
success: true
exit_code: 0
----- stdout -----
(program
   (var a (global @3) 27.0)
   (fun f (global @4) [] []
      (block
         (expr (= (global a @3) 42.0))))
   (print (global a @3))
   (print (call +5 (global f @4)))
   (print (global a @3)))

----- stderr -----
