---
source: crabbing-interpreters/tests/testsuite/main.rs
info:
  program: crabbing-interpreters
  args:
    - craftinginterpreters/test/inheritance/inherit_methods.lox
    - "--scopes"
    - "--stop-at=scopes"
---
success: true
exit_code: 0
----- stdout -----
(program
   (class Foo (global @3) ∅
      (method methodOnFoo [(local this @0)] []
         (block
            (print "foo")))
      (method override [(local this @0)] []
         (block
            (print "foo"))))
   (class Bar (global @4) (global Foo @3)
      (method methodOnBar [(local this @0)] [None]
         (block
            (print "bar")))
      (method override [(local this @0)] [None]
         (block
            (print "bar"))))
   (var bar (global @5) (call +5 (global Bar @4)))
   (expr (call +6 (attr (global bar @5) methodOnFoo)))
   (expr (call +6 (attr (global bar @5) methodOnBar)))
   (expr (call +6 (attr (global bar @5) override))))

----- stderr -----
