---
source: crabbing-interpreters/tests/testsuite/main.rs
info:
  program: crabbing-interpreters
  args:
    - crabbing-interpreters/tests/cases/for_loop_opens_new_scope_for_initialiser.lox
    - "--scopes"
    - "--stop-at=scopes"
---
success: true
exit_code: 0
----- stdout -----
(program
   (block
      (var i (local @3) 42.0)
      (for
         (var i (local @4) 0.0)
         (< (local i @4) 2.0)
         (= (local i @4) (+ (local i @4) 1.0))
         (block
            (print (local i @4))))
      (print (local i @3))))

----- stderr -----
