---
source: crabbing-interpreters/tests/testsuite/main.rs
info:
  program: crabbing-interpreters
  args:
    - crabbing-interpreters/tests/cases/test_nan_slow_path.lox
    - "--scopes"
    - "--stop-at=scopes"
---
success: true
exit_code: 0
----- stdout -----
(program
   (var nan (global @3) (/ 0.0 0.0))
   (print (+ (global nan @3) (global nan @3)))
   (print (- (global nan @3) (global nan @3)))
   (print (* (global nan @3) (global nan @3)))
   (print (/ (global nan @3) (global nan @3)))
   (print (** (global nan @3) (global nan @3)))
   (print (< (global nan @3) (global nan @3)))
   (print (<= (global nan @3) (global nan @3)))
   (print (> (global nan @3) (global nan @3)))
   (print (>= (global nan @3) (global nan @3)))
   (print (== (global nan @3) (global nan @3)))
   (print (!= (global nan @3) (global nan @3))))

----- stderr -----
