---
source: crabbing-interpreters/tests/testsuite/craftinginterpreters.rs
info:
  program: crabbing-interpreters
  args:
    - craftinginterpreters/test/for/return_closure.lox
---
success: false
exit_code: 70
----- stdout -----

----- stderr -----
Error: Undefined variable `i`.
   ╭─[craftinginterpreters/test/for/return_closure.lox:4:21]
   │
 4 │     fun g() { print i; }
   │                     ─  
   │                         
───╯
