---
source: crabbing-interpreters/tests/testsuite/main.rs
info:
  program: crabbing-interpreters
  args:
    - craftinginterpreters/test/assignment/local.lox
    - "--scopes"
    - "--stop-at=scopes"
---
success: true
exit_code: 0
----- stdout -----
(program
   (block
      (var a (local @3) "before")
      (print (local a @3))
      (expr (= (local a @3) "after"))
      (print (local a @3))
      (print (= (local a @3) "arg"))
      (print (local a @3))))

----- stderr -----
