---
source: tests/testsuite/craftinginterpreters.rs
info:
  program: crabbing-interpreters
  args:
    - craftinginterpreters/test/operator/add_nil_nil.lox
---
success: false
exit_code: 1
----- stdout -----

----- stderr -----
InvalidBinaryOp { lhs: Nil, op: BinOp { kind: Plus, token: Token { kind: Plus, loc: craftinginterpreters/test/operator/add_nil_nil.lox:4..5 } }, rhs: Nil, at: Binary { lhs: Literal(Literal { kind: Nil, token: Token { kind: Nil, loc: craftinginterpreters/test/operator/add_nil_nil.lox:0..3 } }), op: BinOp { kind: Plus, token: Token { kind: Plus, loc: craftinginterpreters/test/operator/add_nil_nil.lox:4..5 } }, rhs: Literal(Literal { kind: Nil, token: Token { kind: Nil, loc: craftinginterpreters/test/operator/add_nil_nil.lox:6..9 } }) } }
