---
source: tests/testsuite/craftinginterpreters.rs
info:
  program: crabbing-interpreters
  args:
    - craftinginterpreters/test/if/class_in_then.lox
---
success: false
exit_code: 1
----- stdout -----

----- stderr -----
UnexpectedToken { expected: [LParen, String, Number, True, False, Nil, Minus, Bang], actual: Token { kind: Class, loc: craftinginterpreters/test/if/class_in_then.lox:59..64 } }
