---
source: tests/testsuite/craftinginterpreters.rs
info:
  program: crabbing-interpreters
  args:
    - craftinginterpreters/test/assignment/infix_operator.lox
---
success: false
exit_code: 65
----- stdout -----

----- stderr -----
[line 3] Error at '+': ambiguous precedences for operators `+` and `=`
