---
source: tests/testsuite/craftinginterpreters.rs
info:
  program: crabbing-interpreters
  args:
    - craftinginterpreters/test/print/missing_argument.lox
---
success: false
exit_code: 1
----- stdout -----

----- stderr -----
UnexpectedToken { expected: [LParen, String, Number, True, False, Nil, Minus, Bang], actual: Token { kind: Semicolon, loc: craftinginterpreters/test/print/missing_argument.lox:50..51 } }
