---
source: tests/testsuite/craftinginterpreters.rs
info:
  program: crabbing-interpreters
  args:
    - craftinginterpreters/test/block/empty.lox
---
success: false
exit_code: 1
----- stdout -----

----- stderr -----
UnexpectedToken { expected: [LParen, String, Number, True, False, Nil, Minus, Bang], actual: Token { kind: If, loc: craftinginterpreters/test/block/empty.lox:37..39 } }
