---
source: tests/testsuite/craftinginterpreters.rs
info:
  program: crabbing-interpreters
  args:
    - craftinginterpreters/test/number/trailing_dot.lox
---
success: false
exit_code: 1
----- stdout -----

----- stderr -----
UnexpectedTokenMsg { expected: "a binary operator", actual: Token { kind: Dot, loc: craftinginterpreters/test/number/trailing_dot.lox:61..62 } }
